2025-04-07 01:49:07,161 - __main__ - INFO - station=> Velachery Res. Area, result => ['52', 'Velachery Res. Area, Chennai, Chennai, India', Timestamp('2025-04-07 06:00:00')]
2025-04-07 01:49:07,161 - __main__ - INFO - The hourly data has been written to ../data/cron_job_data/velachery_cron_output.csv with Timestamp: 2025-04-07 06:00:00
2025-04-07 01:49:08,117 - __main__ - INFO - station=> Alandur Bus Depot, result => ['33', 'Alandur Bus Depot, Chennai, Chennai, India', Timestamp('2025-04-07 07:00:00')]
2025-04-07 01:49:08,117 - __main__ - INFO - The hourly data has been written to ../static/data/alandur_cron_output.csv with Timestamp: 2025-04-07 07:00:00
2025-04-07 01:49:08,846 - __main__ - INFO - station=> Manali Village, result => ['181', 'Manali Village, Chennai, Chennai, India', Timestamp('2025-04-07 07:00:00')]
2025-04-07 01:49:08,846 - __main__ - INFO - The hourly data has been written to ../data/cron_job_data/manali_cron_output.csv with Timestamp: 2025-04-07 07:00:00
2025-04-07 01:49:08,851 - __main__ - INFO - Calling writeData function.
2025-04-07 01:49:08,860 - __main__ - INFO - Updated daily AQI: 2025-04-07 => 39.0
2025-04-07 03:07:14,373 - __main__ - INFO - station=> Velachery Res. Area, result => ['61', 'Velachery Res. Area, Chennai, Chennai, India', Timestamp('2025-04-07 08:00:00')]
2025-04-07 03:07:14,373 - __main__ - INFO - The hourly data has been written to ../data/cron_job_data/velachery_cron_output.csv with Timestamp: 2025-04-07 08:00:00
2025-04-07 03:07:14,821 - __main__ - INFO - station=> Alandur Bus Depot, result => ['41', 'Alandur Bus Depot, Chennai, Chennai, India', Timestamp('2025-04-07 08:00:00')]
2025-04-07 03:07:14,821 - __main__ - INFO - The hourly data has been written to ../static/data/alandur_cron_output.csv with Timestamp: 2025-04-07 08:00:00
2025-04-07 03:07:15,264 - __main__ - INFO - station=> Manali Village, result => ['162', 'Manali Village, Chennai, Chennai, India', Timestamp('2025-04-07 08:00:00')]
2025-04-07 03:07:15,264 - __main__ - INFO - The hourly data has been written to ../data/cron_job_data/manali_cron_output.csv with Timestamp: 2025-04-07 08:00:00
2025-04-07 03:07:15,269 - __main__ - INFO - Calling writeData function.
2025-04-07 03:07:15,278 - __main__ - INFO - Updated daily AQI: 2025-04-07 => 39.3
2025-04-07 04:27:46,078 - __main__ - INFO - station=> Velachery Res. Area, result => ['51', 'Velachery Res. Area, Chennai, Chennai, India', Timestamp('2025-04-07 09:00:00')]
2025-04-07 04:27:46,078 - __main__ - INFO - The hourly data has been written to ../data/cron_job_data/velachery_cron_output.csv with Timestamp: 2025-04-07 09:00:00
2025-04-07 04:27:46,716 - __main__ - INFO - station=> Alandur Bus Depot, result => ['43', 'Alandur Bus Depot, Chennai, Chennai, India', Timestamp('2025-04-07 09:00:00')]
2025-04-07 04:27:46,716 - __main__ - INFO - The hourly data has been written to ../static/data/alandur_cron_output.csv with Timestamp: 2025-04-07 09:00:00
2025-04-07 04:27:47,360 - __main__ - INFO - station=> Manali Village, result => ['78', 'Manali Village, Chennai, Chennai, India', Timestamp('2025-04-07 09:00:00')]
2025-04-07 04:27:47,360 - __main__ - INFO - The hourly data has been written to ../data/cron_job_data/manali_cron_output.csv with Timestamp: 2025-04-07 09:00:00
2025-04-07 04:27:47,365 - __main__ - INFO - Calling writeData function.
2025-04-07 04:27:47,375 - __main__ - INFO - Updated daily AQI: 2025-04-07 => 39.8
