2025-04-08 01:46:31,496 - __main__ - INFO - station=> Velachery Res. Area, result => ['51', 'Velachery Res. Area, Chennai, Chennai, India', Timestamp('2025-04-08 07:00:00')]
2025-04-08 01:46:31,496 - __main__ - INFO - The hourly data has been written to ../data/cron_job_data/velachery_cron_output.csv with Timestamp: 2025-04-08 07:00:00
2025-04-08 01:46:32,344 - __main__ - INFO - station=> Alandur Bus Depot, result => ['43', 'Alandur Bus Depot, Chennai, Chennai, India', Timestamp('2025-04-08 07:00:00')]
2025-04-08 01:46:32,344 - __main__ - INFO - The hourly data has been written to ../static/data/alandur_cron_output.csv with Timestamp: 2025-04-08 07:00:00
2025-04-08 01:46:33,081 - __main__ - INFO - station=> Manali Village, result => ['174', 'Manali Village, Chennai, Chennai, India', Timestamp('2025-04-08 07:00:00')]
2025-04-08 01:46:33,081 - __main__ - INFO - The hourly data has been written to ../data/cron_job_data/manali_cron_output.csv with Timestamp: 2025-04-08 07:00:00
2025-04-08 01:46:33,089 - __main__ - INFO - Calling writeData function.
2025-04-08 01:46:33,098 - __main__ - INFO - Updated daily AQI: 2025-04-08 => 35.0
2025-04-08 03:03:04,955 - __main__ - INFO - station=> Velachery Res. Area, result => ['68', 'Velachery Res. Area, Chennai, Chennai, India', Timestamp('2025-04-08 08:00:00')]
2025-04-08 03:03:04,956 - __main__ - INFO - The hourly data has been written to ../data/cron_job_data/velachery_cron_output.csv with Timestamp: 2025-04-08 08:00:00
2025-04-08 03:03:05,999 - __main__ - INFO - station=> Alandur Bus Depot, result => ['42', 'Alandur Bus Depot, Chennai, Chennai, India', Timestamp('2025-04-08 08:00:00')]
2025-04-08 03:03:05,999 - __main__ - INFO - The hourly data has been written to ../static/data/alandur_cron_output.csv with Timestamp: 2025-04-08 08:00:00
2025-04-08 03:03:06,802 - __main__ - INFO - station=> Manali Village, result => ['154', 'Manali Village, Chennai, Chennai, India', Timestamp('2025-04-08 08:00:00')]
2025-04-08 03:03:06,802 - __main__ - INFO - The hourly data has been written to ../data/cron_job_data/manali_cron_output.csv with Timestamp: 2025-04-08 08:00:00
2025-04-08 03:03:06,808 - __main__ - INFO - Calling writeData function.
2025-04-08 03:03:06,817 - __main__ - INFO - Updated daily AQI: 2025-04-08 => 36.0
2025-04-08 04:27:25,409 - __main__ - INFO - station=> Velachery Res. Area, result => ['63', 'Velachery Res. Area, Chennai, Chennai, India', Timestamp('2025-04-08 09:00:00')]
2025-04-08 04:27:25,410 - __main__ - INFO - The hourly data has been written to ../data/cron_job_data/velachery_cron_output.csv with Timestamp: 2025-04-08 09:00:00
2025-04-08 04:27:26,371 - __main__ - INFO - station=> Alandur Bus Depot, result => ['44', 'Alandur Bus Depot, Chennai, Chennai, India', Timestamp('2025-04-08 09:00:00')]
2025-04-08 04:27:26,371 - __main__ - INFO - The hourly data has been written to ../static/data/alandur_cron_output.csv with Timestamp: 2025-04-08 09:00:00
2025-04-08 04:27:27,023 - __main__ - INFO - station=> Manali Village, result => ['65', 'Manali Village, Chennai, Chennai, India', Timestamp('2025-04-08 09:00:00')]
2025-04-08 04:27:27,023 - __main__ - INFO - The hourly data has been written to ../data/cron_job_data/manali_cron_output.csv with Timestamp: 2025-04-08 09:00:00
2025-04-08 04:27:27,029 - __main__ - INFO - Calling writeData function.
2025-04-08 04:27:27,038 - __main__ - INFO - Updated daily AQI: 2025-04-08 => 37.0
