2025-04-12 01:44:27,564 - __main__ - INFO - Timestamp 2025-04-11 17:00:00 already present in ../data/cron_job_data/velachery_cron_output.csv, not appending.
2025-04-12 01:44:28,151 - __main__ - INFO - station=> Alandur Bus Depot, result => ['39', 'Alandur Bus Depot, Chennai, Chennai, India', Timestamp('2025-04-12 07:00:00')]
2025-04-12 01:44:28,151 - __main__ - INFO - The hourly data has been written to ../static/data/alandur_cron_output.csv with Timestamp: 2025-04-12 07:00:00
2025-04-12 01:44:28,738 - __main__ - INFO - station=> Manali Village, result => ['74', 'Manali Village, Chennai, Chennai, India', Timestamp('2025-04-12 07:00:00')]
2025-04-12 01:44:28,738 - __main__ - INFO - The hourly data has been written to ../data/cron_job_data/manali_cron_output.csv with Timestamp: 2025-04-12 07:00:00
2025-04-12 01:44:28,743 - __main__ - INFO - Calling writeData function.
2025-04-12 01:44:28,753 - __main__ - INFO - Updated daily AQI: 2025-04-12 => 42.7
2025-04-12 03:01:12,010 - __main__ - INFO - Timestamp 2025-04-11 17:00:00 already present in ../data/cron_job_data/velachery_cron_output.csv, not appending.
2025-04-12 03:01:12,445 - __main__ - INFO - station=> Alandur Bus Depot, result => ['35', 'Alandur Bus Depot, Chennai, Chennai, India', Timestamp('2025-04-12 08:00:00')]
2025-04-12 03:01:12,446 - __main__ - INFO - The hourly data has been written to ../static/data/alandur_cron_output.csv with Timestamp: 2025-04-12 08:00:00
2025-04-12 03:01:12,887 - __main__ - INFO - station=> Manali Village, result => ['72', 'Manali Village, Chennai, Chennai, India', Timestamp('2025-04-12 08:00:00')]
2025-04-12 03:01:12,887 - __main__ - INFO - The hourly data has been written to ../data/cron_job_data/manali_cron_output.csv with Timestamp: 2025-04-12 08:00:00
2025-04-12 03:01:12,892 - __main__ - INFO - Calling writeData function.
2025-04-12 03:01:12,902 - __main__ - INFO - Updated daily AQI: 2025-04-12 => 41.6
2025-04-12 03:37:04,914 - __main__ - INFO - Timestamp 2025-04-11 17:00:00 already present in ../data/cron_job_data/velachery_cron_output.csv, not appending.
2025-04-12 03:37:05,983 - __main__ - INFO - station=> Alandur Bus Depot, result => ['34', 'Alandur Bus Depot, Chennai, Chennai, India', Timestamp('2025-04-12 09:00:00')]
2025-04-12 03:37:05,983 - __main__ - INFO - The hourly data has been written to ../static/data/alandur_cron_output.csv with Timestamp: 2025-04-12 09:00:00
2025-04-12 03:37:07,064 - __main__ - INFO - station=> Manali Village, result => ['62', 'Manali Village, Chennai, Chennai, India', Timestamp('2025-04-12 09:00:00')]
2025-04-12 03:37:07,064 - __main__ - INFO - The hourly data has been written to ../data/cron_job_data/manali_cron_output.csv with Timestamp: 2025-04-12 09:00:00
2025-04-12 03:37:07,070 - __main__ - INFO - Calling writeData function.
2025-04-12 03:37:07,079 - __main__ - INFO - Updated daily AQI: 2025-04-12 => 40.6
2025-04-12 04:26:55,945 - __main__ - INFO - Timestamp 2025-04-11 17:00:00 already present in ../data/cron_job_data/velachery_cron_output.csv, not appending.
2025-04-12 04:26:56,386 - __main__ - INFO - Timestamp 2025-04-12 09:00:00 already present in ../static/data/alandur_cron_output.csv, not appending.
2025-04-12 04:26:56,819 - __main__ - INFO - Timestamp 2025-04-12 09:00:00 already present in ../data/cron_job_data/manali_cron_output.csv, not appending.
2025-04-12 04:26:56,824 - __main__ - INFO - Calling writeData function.
2025-04-12 04:26:56,833 - __main__ - INFO - Updated daily AQI: 2025-04-12 => 40.6
2025-04-12 05:20:50,647 - __main__ - INFO - Timestamp 2025-04-11 17:00:00 already present in ../data/cron_job_data/velachery_cron_output.csv, not appending.
2025-04-12 05:20:51,497 - __main__ - INFO - station=> Alandur Bus Depot, result => ['33', 'Alandur Bus Depot, Chennai, Chennai, India', Timestamp('2025-04-12 10:00:00')]
2025-04-12 05:20:51,497 - __main__ - INFO - The hourly data has been written to ../static/data/alandur_cron_output.csv with Timestamp: 2025-04-12 10:00:00
2025-04-12 05:20:52,073 - __main__ - INFO - station=> Manali Village, result => ['47', 'Manali Village, Chennai, Chennai, India', Timestamp('2025-04-12 10:00:00')]
2025-04-12 05:20:52,073 - __main__ - INFO - The hourly data has been written to ../data/cron_job_data/manali_cron_output.csv with Timestamp: 2025-04-12 10:00:00
2025-04-12 05:20:52,079 - __main__ - INFO - Calling writeData function.
2025-04-12 05:20:52,088 - __main__ - INFO - Updated daily AQI: 2025-04-12 => 39.8
2025-04-12 05:20:52,089 - __main__ - INFO - Calling retrain_model function.
2025-04-12 05:20:52,092 - __main__ - INFO - Re-training the model & train_end is 2025-04-07 00:00:00
2025-04-12 05:21:00,450 - __main__ - INFO - Retrained the model & MAPE is 7.85%
2025-04-12 05:21:00,451 - __main__ - INFO - Retrained the model & MAE is 2.9694408415276525
2025-04-12 05:21:13,079 - __main__ - INFO - Forecast=> 
2025-04-13    38.139697
2025-04-14    37.198187
2025-04-15    37.155437
2025-04-16    36.951453
2025-04-17    36.934768
Freq: D, Name: predicted_mean, dtype: float64
2025-04-12 05:21:13,080 - __main__ - INFO - The forecast data has been written to ../static/data/forecast_alandur_daily_aqi.csv
2025-04-12 06:29:23,188 - __main__ - INFO - Timestamp 2025-04-11 17:00:00 already present in ../data/cron_job_data/velachery_cron_output.csv, not appending.
2025-04-12 06:29:24,079 - __main__ - INFO - station=> Alandur Bus Depot, result => ['32', 'Alandur Bus Depot, Chennai, Chennai, India', Timestamp('2025-04-12 11:00:00')]
2025-04-12 06:29:24,079 - __main__ - INFO - The hourly data has been written to ../static/data/alandur_cron_output.csv with Timestamp: 2025-04-12 11:00:00
2025-04-12 06:29:25,021 - __main__ - INFO - station=> Manali Village, result => ['43', 'Manali Village, Chennai, Chennai, India', Timestamp('2025-04-12 11:00:00')]
2025-04-12 06:29:25,022 - __main__ - INFO - The hourly data has been written to ../data/cron_job_data/manali_cron_output.csv with Timestamp: 2025-04-12 11:00:00
2025-04-12 06:29:25,028 - __main__ - INFO - Calling writeData function.
2025-04-12 06:29:25,037 - __main__ - INFO - Updated daily AQI: 2025-04-12 => 39.0
2025-04-12 07:20:06,429 - __main__ - INFO - Timestamp 2025-04-11 17:00:00 already present in ../data/cron_job_data/velachery_cron_output.csv, not appending.
2025-04-12 07:20:07,040 - __main__ - INFO - station=> Alandur Bus Depot, result => ['36', 'Alandur Bus Depot, Chennai, Chennai, India', Timestamp('2025-04-12 12:00:00')]
2025-04-12 07:20:07,040 - __main__ - INFO - The hourly data has been written to ../static/data/alandur_cron_output.csv with Timestamp: 2025-04-12 12:00:00
2025-04-12 07:20:07,986 - __main__ - INFO - station=> Manali Village, result => ['52', 'Manali Village, Chennai, Chennai, India', Timestamp('2025-04-12 12:00:00')]
2025-04-12 07:20:07,986 - __main__ - INFO - The hourly data has been written to ../data/cron_job_data/manali_cron_output.csv with Timestamp: 2025-04-12 12:00:00
2025-04-12 07:20:07,996 - __main__ - INFO - Calling writeData function.
2025-04-12 07:20:08,032 - __main__ - INFO - Updated daily AQI: 2025-04-12 => 38.7
2025-04-12 08:26:45,073 - __main__ - INFO - Timestamp 2025-04-11 17:00:00 already present in ../data/cron_job_data/velachery_cron_output.csv, not appending.
2025-04-12 08:26:46,220 - __main__ - INFO - station=> Alandur Bus Depot, result => ['37', 'Alandur Bus Depot, Chennai, Chennai, India', Timestamp('2025-04-12 13:00:00')]
2025-04-12 08:26:46,220 - __main__ - INFO - The hourly data has been written to ../static/data/alandur_cron_output.csv with Timestamp: 2025-04-12 13:00:00
2025-04-12 08:26:46,923 - __main__ - INFO - station=> Manali Village, result => ['58', 'Manali Village, Chennai, Chennai, India', Timestamp('2025-04-12 13:00:00')]
2025-04-12 08:26:46,923 - __main__ - INFO - The hourly data has been written to ../data/cron_job_data/manali_cron_output.csv with Timestamp: 2025-04-12 13:00:00
2025-04-12 08:26:46,928 - __main__ - INFO - Calling writeData function.
2025-04-12 08:26:46,938 - __main__ - INFO - Updated daily AQI: 2025-04-12 => 38.6
2025-04-12 09:23:13,353 - __main__ - INFO - Timestamp 2025-04-11 17:00:00 already present in ../data/cron_job_data/velachery_cron_output.csv, not appending.
2025-04-12 09:23:14,321 - __main__ - INFO - station=> Alandur Bus Depot, result => ['35', 'Alandur Bus Depot, Chennai, Chennai, India', Timestamp('2025-04-12 14:00:00')]
2025-04-12 09:23:14,321 - __main__ - INFO - The hourly data has been written to ../static/data/alandur_cron_output.csv with Timestamp: 2025-04-12 14:00:00
2025-04-12 09:23:14,975 - __main__ - INFO - station=> Manali Village, result => ['55', 'Manali Village, Chennai, Chennai, India', Timestamp('2025-04-12 14:00:00')]
2025-04-12 09:23:14,975 - __main__ - INFO - The hourly data has been written to ../data/cron_job_data/manali_cron_output.csv with Timestamp: 2025-04-12 14:00:00
2025-04-12 09:23:14,981 - __main__ - INFO - Calling writeData function.
2025-04-12 09:23:14,990 - __main__ - INFO - Updated daily AQI: 2025-04-12 => 38.3
2025-04-12 10:21:30,065 - __main__ - INFO - Timestamp 2025-04-11 17:00:00 already present in ../data/cron_job_data/velachery_cron_output.csv, not appending.
2025-04-12 10:21:30,749 - __main__ - INFO - station=> Alandur Bus Depot, result => ['35', 'Alandur Bus Depot, Chennai, Chennai, India', Timestamp('2025-04-12 15:00:00')]
2025-04-12 10:21:30,750 - __main__ - INFO - The hourly data has been written to ../static/data/alandur_cron_output.csv with Timestamp: 2025-04-12 15:00:00
2025-04-12 10:21:31,417 - __main__ - INFO - station=> Manali Village, result => ['67', 'Manali Village, Chennai, Chennai, India', Timestamp('2025-04-12 15:00:00')]
2025-04-12 10:21:31,417 - __main__ - INFO - The hourly data has been written to ../data/cron_job_data/manali_cron_output.csv with Timestamp: 2025-04-12 15:00:00
2025-04-12 10:21:31,422 - __main__ - INFO - Calling writeData function.
2025-04-12 10:21:31,432 - __main__ - INFO - Updated daily AQI: 2025-04-12 => 38.1
2025-04-12 11:17:33,924 - __main__ - INFO - Timestamp 2025-04-11 17:00:00 already present in ../data/cron_job_data/velachery_cron_output.csv, not appending.
2025-04-12 11:17:34,371 - __main__ - INFO - station=> Alandur Bus Depot, result => ['33', 'Alandur Bus Depot, Chennai, Chennai, India', Timestamp('2025-04-12 16:00:00')]
2025-04-12 11:17:34,371 - __main__ - INFO - The hourly data has been written to ../static/data/alandur_cron_output.csv with Timestamp: 2025-04-12 16:00:00
2025-04-12 11:17:34,821 - __main__ - INFO - station=> Manali Village, result => ['80', 'Manali Village, Chennai, Chennai, India', Timestamp('2025-04-12 16:00:00')]
2025-04-12 11:17:34,821 - __main__ - INFO - The hourly data has been written to ../data/cron_job_data/manali_cron_output.csv with Timestamp: 2025-04-12 16:00:00
2025-04-12 11:17:34,826 - __main__ - INFO - Calling writeData function.
2025-04-12 11:17:34,836 - __main__ - INFO - Updated daily AQI: 2025-04-12 => 37.7
2025-04-12 12:39:54,725 - __main__ - INFO - Timestamp 2025-04-11 17:00:00 already present in ../data/cron_job_data/velachery_cron_output.csv, not appending.
2025-04-12 12:39:55,365 - __main__ - INFO - station=> Alandur Bus Depot, result => ['33', 'Alandur Bus Depot, Chennai, Chennai, India', Timestamp('2025-04-12 17:00:00')]
2025-04-12 12:39:55,365 - __main__ - INFO - The hourly data has been written to ../static/data/alandur_cron_output.csv with Timestamp: 2025-04-12 17:00:00
2025-04-12 12:39:56,019 - __main__ - INFO - station=> Manali Village, result => ['88', 'Manali Village, Chennai, Chennai, India', Timestamp('2025-04-12 17:00:00')]
2025-04-12 12:39:56,019 - __main__ - INFO - The hourly data has been written to ../data/cron_job_data/manali_cron_output.csv with Timestamp: 2025-04-12 17:00:00
2025-04-12 12:39:56,024 - __main__ - INFO - Calling writeData function.
2025-04-12 12:39:56,033 - __main__ - INFO - Updated daily AQI: 2025-04-12 => 37.4
2025-04-12 13:25:37,510 - __main__ - INFO - Timestamp 2025-04-11 17:00:00 already present in ../data/cron_job_data/velachery_cron_output.csv, not appending.
2025-04-12 13:25:38,663 - __main__ - INFO - station=> Alandur Bus Depot, result => ['41', 'Alandur Bus Depot, Chennai, Chennai, India', Timestamp('2025-04-12 18:00:00')]
2025-04-12 13:25:38,663 - __main__ - INFO - The hourly data has been written to ../static/data/alandur_cron_output.csv with Timestamp: 2025-04-12 18:00:00
2025-04-12 13:25:39,333 - __main__ - INFO - station=> Manali Village, result => ['103', 'Manali Village, Chennai, Chennai, India', Timestamp('2025-04-12 18:00:00')]
2025-04-12 13:25:39,333 - __main__ - INFO - The hourly data has been written to ../data/cron_job_data/manali_cron_output.csv with Timestamp: 2025-04-12 18:00:00
2025-04-12 13:25:39,339 - __main__ - INFO - Calling writeData function.
2025-04-12 13:25:39,348 - __main__ - INFO - Updated daily AQI: 2025-04-12 => 37.6
2025-04-12 13:25:39,349 - __main__ - INFO - Calling retrain_model function.
2025-04-12 13:25:39,353 - __main__ - INFO - Re-training the model & train_end is 2025-04-07 00:00:00
2025-04-12 13:25:47,515 - __main__ - INFO - Retrained the model & MAPE is 7.97%
2025-04-12 13:25:47,515 - __main__ - INFO - Retrained the model & MAE is 3.003286323047013
2025-04-12 13:25:59,222 - __main__ - INFO - Forecast=> 
2025-04-13    36.623928
2025-04-14    36.373270
2025-04-15    36.796970
2025-04-16    36.808764
2025-04-17    36.713391
Freq: D, Name: predicted_mean, dtype: float64
2025-04-12 13:25:59,222 - __main__ - INFO - The forecast data has been written to ../static/data/forecast_alandur_daily_aqi.csv
2025-04-12 14:19:18,689 - __main__ - INFO - Timestamp 2025-04-11 17:00:00 already present in ../data/cron_job_data/velachery_cron_output.csv, not appending.
2025-04-12 14:19:19,542 - __main__ - INFO - station=> Alandur Bus Depot, result => ['42', 'Alandur Bus Depot, Chennai, Chennai, India', Timestamp('2025-04-12 19:00:00')]
2025-04-12 14:19:19,542 - __main__ - INFO - The hourly data has been written to ../static/data/alandur_cron_output.csv with Timestamp: 2025-04-12 19:00:00
2025-04-12 14:19:20,209 - __main__ - INFO - station=> Manali Village, result => ['117', 'Manali Village, Chennai, Chennai, India', Timestamp('2025-04-12 19:00:00')]
2025-04-12 14:19:20,209 - __main__ - INFO - The hourly data has been written to ../data/cron_job_data/manali_cron_output.csv with Timestamp: 2025-04-12 19:00:00
2025-04-12 14:19:20,215 - __main__ - INFO - Calling writeData function.
2025-04-12 14:19:20,225 - __main__ - INFO - Updated daily AQI: 2025-04-12 => 37.9
2025-04-12 15:21:29,281 - __main__ - INFO - Timestamp 2025-04-11 17:00:00 already present in ../data/cron_job_data/velachery_cron_output.csv, not appending.
2025-04-12 15:21:29,897 - __main__ - INFO - station=> Alandur Bus Depot, result => ['39', 'Alandur Bus Depot, Chennai, Chennai, India', Timestamp('2025-04-12 20:00:00')]
2025-04-12 15:21:29,897 - __main__ - INFO - The hourly data has been written to ../static/data/alandur_cron_output.csv with Timestamp: 2025-04-12 20:00:00
2025-04-12 15:21:30,335 - __main__ - INFO - station=> Manali Village, result => ['122', 'Manali Village, Chennai, Chennai, India', Timestamp('2025-04-12 20:00:00')]
2025-04-12 15:21:30,335 - __main__ - INFO - The hourly data has been written to ../data/cron_job_data/manali_cron_output.csv with Timestamp: 2025-04-12 20:00:00
2025-04-12 15:21:30,340 - __main__ - INFO - Calling writeData function.
2025-04-12 15:21:30,350 - __main__ - INFO - Updated daily AQI: 2025-04-12 => 37.9
2025-04-12 16:25:47,588 - __main__ - INFO - Timestamp 2025-04-11 17:00:00 already present in ../data/cron_job_data/velachery_cron_output.csv, not appending.
2025-04-12 16:25:48,208 - __main__ - INFO - station=> Alandur Bus Depot, result => ['45', 'Alandur Bus Depot, Chennai, Chennai, India', Timestamp('2025-04-12 21:00:00')]
2025-04-12 16:25:48,208 - __main__ - INFO - The hourly data has been written to ../static/data/alandur_cron_output.csv with Timestamp: 2025-04-12 21:00:00
2025-04-12 16:25:48,847 - __main__ - INFO - station=> Manali Village, result => ['138', 'Manali Village, Chennai, Chennai, India', Timestamp('2025-04-12 21:00:00')]
2025-04-12 16:25:48,847 - __main__ - INFO - The hourly data has been written to ../data/cron_job_data/manali_cron_output.csv with Timestamp: 2025-04-12 21:00:00
2025-04-12 16:25:48,852 - __main__ - INFO - Calling writeData function.
2025-04-12 16:25:48,862 - __main__ - INFO - Updated daily AQI: 2025-04-12 => 38.3
2025-04-12 17:19:53,385 - __main__ - INFO - Timestamp 2025-04-11 17:00:00 already present in ../data/cron_job_data/velachery_cron_output.csv, not appending.
2025-04-12 17:19:54,322 - __main__ - INFO - station=> Alandur Bus Depot, result => ['46', 'Alandur Bus Depot, Chennai, Chennai, India', Timestamp('2025-04-12 22:00:00')]
2025-04-12 17:19:54,322 - __main__ - INFO - The hourly data has been written to ../static/data/alandur_cron_output.csv with Timestamp: 2025-04-12 22:00:00
2025-04-12 17:19:55,030 - __main__ - INFO - station=> Manali Village, result => ['152', 'Manali Village, Chennai, Chennai, India', Timestamp('2025-04-12 22:00:00')]
2025-04-12 17:19:55,030 - __main__ - INFO - The hourly data has been written to ../data/cron_job_data/manali_cron_output.csv with Timestamp: 2025-04-12 22:00:00
2025-04-12 17:19:55,036 - __main__ - INFO - Calling writeData function.
2025-04-12 17:19:55,046 - __main__ - INFO - Updated daily AQI: 2025-04-12 => 38.7
2025-04-12 18:28:32,209 - __main__ - INFO - Timestamp 2025-04-11 17:00:00 already present in ../data/cron_job_data/velachery_cron_output.csv, not appending.
2025-04-12 18:28:32,867 - __main__ - INFO - station=> Alandur Bus Depot, result => ['56', 'Alandur Bus Depot, Chennai, Chennai, India', Timestamp('2025-04-12 23:00:00')]
2025-04-12 18:28:32,867 - __main__ - INFO - The hourly data has been written to ../static/data/alandur_cron_output.csv with Timestamp: 2025-04-12 23:00:00
2025-04-12 18:28:33,503 - __main__ - INFO - station=> Manali Village, result => ['132', 'Manali Village, Chennai, Chennai, India', Timestamp('2025-04-12 23:00:00')]
2025-04-12 18:28:33,503 - __main__ - INFO - The hourly data has been written to ../data/cron_job_data/manali_cron_output.csv with Timestamp: 2025-04-12 23:00:00
2025-04-12 18:28:33,509 - __main__ - INFO - Calling writeData function.
2025-04-12 18:28:33,518 - __main__ - INFO - Updated daily AQI: 2025-04-12 => 39.5
2025-04-12 19:18:00,307 - __main__ - INFO - Timestamp 2025-04-11 17:00:00 already present in ../data/cron_job_data/velachery_cron_output.csv, not appending.
2025-04-12 19:18:00,966 - __main__ - INFO - station=> Alandur Bus Depot, result => ['62', 'Alandur Bus Depot, Chennai, Chennai, India', Timestamp('2025-04-13 00:00:00')]
2025-04-12 19:18:00,966 - __main__ - INFO - The hourly data has been written to ../static/data/alandur_cron_output.csv with Timestamp: 2025-04-13 00:00:00
2025-04-12 19:18:01,637 - __main__ - INFO - station=> Manali Village, result => ['105', 'Manali Village, Chennai, Chennai, India', Timestamp('2025-04-13 00:00:00')]
2025-04-12 19:18:01,637 - __main__ - INFO - The hourly data has been written to ../data/cron_job_data/manali_cron_output.csv with Timestamp: 2025-04-13 00:00:00
2025-04-12 19:18:01,642 - __main__ - INFO - Calling writeData function.
2025-04-12 19:18:01,652 - __main__ - INFO - Updated daily AQI: 2025-04-12 => 39.5
