2025-04-16 01:49:21,441 - __main__ - INFO - Timestamp 2025-04-11 17:00:00 already present in ../data/cron_job_data/velachery_cron_output.csv, not appending.
2025-04-16 01:49:22,382 - __main__ - INFO - Timestamp 2025-04-15 18:00:00 already present in ../static/data/alandur_cron_output.csv, not appending.
2025-04-16 01:49:23,483 - __main__ - INFO - Timestamp 2025-04-15 16:00:00 already present in ../data/cron_job_data/manali_cron_output.csv, not appending.
2025-04-16 01:49:23,489 - __main__ - INFO - Calling writeData function.
2025-04-16 01:49:23,492 - __main__ - WARNING - writeData: No data available to compute today's AQI.
2025-04-16 03:07:42,143 - __main__ - INFO - Timestamp 2025-04-11 17:00:00 already present in ../data/cron_job_data/velachery_cron_output.csv, not appending.
2025-04-16 03:07:42,737 - __main__ - INFO - Timestamp 2025-04-15 18:00:00 already present in ../static/data/alandur_cron_output.csv, not appending.
2025-04-16 03:07:43,326 - __main__ - INFO - Timestamp 2025-04-15 16:00:00 already present in ../data/cron_job_data/manali_cron_output.csv, not appending.
2025-04-16 03:07:43,332 - __main__ - INFO - Calling writeData function.
2025-04-16 03:07:43,335 - __main__ - WARNING - writeData: No data available to compute today's AQI.
2025-04-16 04:27:31,144 - __main__ - INFO - Timestamp 2025-04-11 17:00:00 already present in ../data/cron_job_data/velachery_cron_output.csv, not appending.
2025-04-16 04:27:31,595 - __main__ - INFO - Timestamp 2025-04-15 18:00:00 already present in ../static/data/alandur_cron_output.csv, not appending.
2025-04-16 04:27:32,044 - __main__ - INFO - Timestamp 2025-04-15 16:00:00 already present in ../data/cron_job_data/manali_cron_output.csv, not appending.
2025-04-16 04:27:32,050 - __main__ - INFO - Calling writeData function.
2025-04-16 04:27:32,053 - __main__ - WARNING - writeData: No data available to compute today's AQI.
2025-04-16 05:22:59,682 - __main__ - INFO - Timestamp 2025-04-11 17:00:00 already present in ../data/cron_job_data/velachery_cron_output.csv, not appending.
2025-04-16 05:23:00,738 - __main__ - INFO - Timestamp 2025-04-15 18:00:00 already present in ../static/data/alandur_cron_output.csv, not appending.
2025-04-16 05:23:01,329 - __main__ - INFO - Timestamp 2025-04-15 16:00:00 already present in ../data/cron_job_data/manali_cron_output.csv, not appending.
2025-04-16 05:23:01,334 - __main__ - INFO - Calling writeData function.
2025-04-16 05:23:01,337 - __main__ - WARNING - writeData: No data available to compute today's AQI.
2025-04-16 05:23:01,337 - __main__ - INFO - Calling retrain_model function.
2025-04-16 05:23:01,342 - __main__ - INFO - Re-training the model & train_end is 2025-04-10 00:00:00
2025-04-16 05:23:08,299 - __main__ - INFO - Retrained the model & MAPE is 179.76%
2025-04-16 05:23:08,300 - __main__ - INFO - Retrained the model & MAE is 14.162379538384414
2025-04-16 05:23:16,856 - __main__ - INFO - Forecast=> 
2025-04-16    16.520269
2025-04-17    23.886473
2025-04-18    26.954054
2025-04-19    26.880983
2025-04-20    25.923004
Freq: D, Name: predicted_mean, dtype: float64
2025-04-16 05:23:16,856 - __main__ - INFO - The forecast data has been written to ../static/data/forecast_alandur_daily_aqi.csv
2025-04-16 06:32:56,605 - __main__ - INFO - Timestamp 2025-04-11 17:00:00 already present in ../data/cron_job_data/velachery_cron_output.csv, not appending.
2025-04-16 06:32:57,267 - __main__ - INFO - Timestamp 2025-04-15 18:00:00 already present in ../static/data/alandur_cron_output.csv, not appending.
2025-04-16 06:32:57,892 - __main__ - INFO - Timestamp 2025-04-15 16:00:00 already present in ../data/cron_job_data/manali_cron_output.csv, not appending.
2025-04-16 06:32:57,897 - __main__ - INFO - Calling writeData function.
2025-04-16 06:32:57,901 - __main__ - WARNING - writeData: No data available to compute today's AQI.
2025-04-16 07:22:58,838 - __main__ - INFO - Timestamp 2025-04-11 17:00:00 already present in ../data/cron_job_data/velachery_cron_output.csv, not appending.
2025-04-16 07:22:59,638 - __main__ - INFO - Timestamp 2025-04-15 18:00:00 already present in ../static/data/alandur_cron_output.csv, not appending.
2025-04-16 07:23:00,187 - __main__ - INFO - Timestamp 2025-04-15 16:00:00 already present in ../data/cron_job_data/manali_cron_output.csv, not appending.
2025-04-16 07:23:00,193 - __main__ - INFO - Calling writeData function.
2025-04-16 07:23:00,196 - __main__ - WARNING - writeData: No data available to compute today's AQI.
2025-04-16 08:31:43,959 - __main__ - INFO - Timestamp 2025-04-11 17:00:00 already present in ../data/cron_job_data/velachery_cron_output.csv, not appending.
2025-04-16 08:31:44,613 - __main__ - INFO - station=> Alandur Bus Depot, result => ['6', 'Alandur Bus Depot, Chennai, Chennai, India', Timestamp('2025-04-16 13:00:00')]
2025-04-16 08:31:44,613 - __main__ - INFO - The hourly data has been written to ../static/data/alandur_cron_output.csv with Timestamp: 2025-04-16 13:00:00
2025-04-16 08:31:45,263 - __main__ - INFO - Timestamp 2025-04-15 16:00:00 already present in ../data/cron_job_data/manali_cron_output.csv, not appending.
2025-04-16 08:31:45,268 - __main__ - INFO - Calling writeData function.
2025-04-16 08:31:45,278 - __main__ - INFO - Updated daily AQI: 2025-04-16 => 6.0
2025-04-16 09:26:20,012 - __main__ - INFO - Timestamp 2025-04-11 17:00:00 already present in ../data/cron_job_data/velachery_cron_output.csv, not appending.
2025-04-16 09:26:20,448 - __main__ - INFO - station=> Alandur Bus Depot, result => ['6', 'Alandur Bus Depot, Chennai, Chennai, India', Timestamp('2025-04-16 14:00:00')]
2025-04-16 09:26:20,448 - __main__ - INFO - The hourly data has been written to ../static/data/alandur_cron_output.csv with Timestamp: 2025-04-16 14:00:00
2025-04-16 09:26:20,884 - __main__ - INFO - Timestamp 2025-04-15 16:00:00 already present in ../data/cron_job_data/manali_cron_output.csv, not appending.
2025-04-16 09:26:20,891 - __main__ - INFO - Calling writeData function.
2025-04-16 09:26:20,901 - __main__ - INFO - Updated daily AQI: 2025-04-16 => 6.0
2025-04-16 10:25:53,374 - __main__ - INFO - Timestamp 2025-04-11 17:00:00 already present in ../data/cron_job_data/velachery_cron_output.csv, not appending.
2025-04-16 10:25:54,267 - __main__ - INFO - station=> Alandur Bus Depot, result => ['6', 'Alandur Bus Depot, Chennai, Chennai, India', Timestamp('2025-04-16 15:00:00')]
2025-04-16 10:25:54,267 - __main__ - INFO - The hourly data has been written to ../static/data/alandur_cron_output.csv with Timestamp: 2025-04-16 15:00:00
2025-04-16 10:25:54,784 - __main__ - INFO - station=> Manali Village, result => ['49', 'Manali Village, Chennai, Chennai, India', Timestamp('2025-04-16 15:00:00')]
2025-04-16 10:25:54,784 - __main__ - INFO - The hourly data has been written to ../data/cron_job_data/manali_cron_output.csv with Timestamp: 2025-04-16 15:00:00
2025-04-16 10:25:54,790 - __main__ - INFO - Calling writeData function.
2025-04-16 10:25:54,800 - __main__ - INFO - Updated daily AQI: 2025-04-16 => 6.0
2025-04-16 11:19:55,134 - __main__ - INFO - Timestamp 2025-04-11 17:00:00 already present in ../data/cron_job_data/velachery_cron_output.csv, not appending.
2025-04-16 11:19:55,774 - __main__ - INFO - station=> Alandur Bus Depot, result => ['5', 'Alandur Bus Depot, Chennai, Chennai, India', Timestamp('2025-04-16 16:00:00')]
2025-04-16 11:19:55,774 - __main__ - INFO - The hourly data has been written to ../static/data/alandur_cron_output.csv with Timestamp: 2025-04-16 16:00:00
2025-04-16 11:19:56,278 - __main__ - INFO - station=> Manali Village, result => ['53', 'Manali Village, Chennai, Chennai, India', Timestamp('2025-04-16 16:00:00')]
2025-04-16 11:19:56,278 - __main__ - INFO - The hourly data has been written to ../data/cron_job_data/manali_cron_output.csv with Timestamp: 2025-04-16 16:00:00
2025-04-16 11:19:56,284 - __main__ - INFO - Calling writeData function.
2025-04-16 11:19:56,294 - __main__ - INFO - Updated daily AQI: 2025-04-16 => 5.8
2025-04-16 12:45:35,681 - __main__ - INFO - Timestamp 2025-04-11 17:00:00 already present in ../data/cron_job_data/velachery_cron_output.csv, not appending.
2025-04-16 12:45:36,354 - __main__ - INFO - station=> Alandur Bus Depot, result => ['6', 'Alandur Bus Depot, Chennai, Chennai, India', Timestamp('2025-04-16 18:00:00')]
2025-04-16 12:45:36,354 - __main__ - INFO - The hourly data has been written to ../static/data/alandur_cron_output.csv with Timestamp: 2025-04-16 18:00:00
2025-04-16 12:45:37,021 - __main__ - INFO - station=> Manali Village, result => ['44', 'Manali Village, Chennai, Chennai, India', Timestamp('2025-04-16 18:00:00')]
2025-04-16 12:45:37,021 - __main__ - INFO - The hourly data has been written to ../data/cron_job_data/manali_cron_output.csv with Timestamp: 2025-04-16 18:00:00
2025-04-16 12:45:37,026 - __main__ - INFO - Calling writeData function.
2025-04-16 12:45:37,036 - __main__ - INFO - Updated daily AQI: 2025-04-16 => 5.8
2025-04-16 13:32:44,410 - __main__ - INFO - Timestamp 2025-04-11 17:00:00 already present in ../data/cron_job_data/velachery_cron_output.csv, not appending.
2025-04-16 13:32:45,003 - __main__ - INFO - Timestamp 2025-04-16 18:00:00 already present in ../static/data/alandur_cron_output.csv, not appending.
2025-04-16 13:32:45,599 - __main__ - INFO - Timestamp 2025-04-16 18:00:00 already present in ../data/cron_job_data/manali_cron_output.csv, not appending.
2025-04-16 13:32:45,606 - __main__ - INFO - Calling writeData function.
2025-04-16 13:32:45,618 - __main__ - INFO - Updated daily AQI: 2025-04-16 => 5.8
2025-04-16 13:32:45,618 - __main__ - INFO - Calling retrain_model function.
2025-04-16 13:32:45,624 - __main__ - INFO - Re-training the model & train_end is 2025-04-11 00:00:00
2025-04-16 13:32:55,442 - __main__ - INFO - Retrained the model & MAPE is 315.97%
2025-04-16 13:32:55,443 - __main__ - INFO - Retrained the model & MAE is 21.898342089467416
2025-04-16 13:33:04,667 - __main__ - INFO - Forecast=> 
2025-04-17    16.458167
2025-04-18    22.836959
2025-04-19    24.812178
2025-04-20    24.452148
2025-04-21    23.597113
Freq: D, Name: predicted_mean, dtype: float64
2025-04-16 13:33:04,667 - __main__ - INFO - The forecast data has been written to ../static/data/forecast_alandur_daily_aqi.csv
2025-04-16 14:23:09,129 - __main__ - INFO - Timestamp 2025-04-11 17:00:00 already present in ../data/cron_job_data/velachery_cron_output.csv, not appending.
2025-04-16 14:23:10,130 - __main__ - INFO - station=> Alandur Bus Depot, result => ['6', 'Alandur Bus Depot, Chennai, Chennai, India', Timestamp('2025-04-16 19:00:00')]
2025-04-16 14:23:10,130 - __main__ - INFO - The hourly data has been written to ../static/data/alandur_cron_output.csv with Timestamp: 2025-04-16 19:00:00
2025-04-16 14:23:10,970 - __main__ - INFO - station=> Manali Village, result => ['136', 'Manali Village, Chennai, Chennai, India', Timestamp('2025-04-16 19:00:00')]
2025-04-16 14:23:10,970 - __main__ - INFO - The hourly data has been written to ../data/cron_job_data/manali_cron_output.csv with Timestamp: 2025-04-16 19:00:00
2025-04-16 14:23:10,976 - __main__ - INFO - Calling writeData function.
2025-04-16 14:23:10,986 - __main__ - INFO - Updated daily AQI: 2025-04-16 => 5.8
2025-04-16 15:25:55,021 - __main__ - INFO - Timestamp 2025-04-11 17:00:00 already present in ../data/cron_job_data/velachery_cron_output.csv, not appending.
2025-04-16 15:25:55,541 - __main__ - INFO - station=> Alandur Bus Depot, result => ['6', 'Alandur Bus Depot, Chennai, Chennai, India', Timestamp('2025-04-16 20:00:00')]
2025-04-16 15:25:55,541 - __main__ - INFO - The hourly data has been written to ../static/data/alandur_cron_output.csv with Timestamp: 2025-04-16 20:00:00
2025-04-16 15:25:56,061 - __main__ - INFO - station=> Manali Village, result => ['156', 'Manali Village, Chennai, Chennai, India', Timestamp('2025-04-16 20:00:00')]
2025-04-16 15:25:56,061 - __main__ - INFO - The hourly data has been written to ../data/cron_job_data/manali_cron_output.csv with Timestamp: 2025-04-16 20:00:00
2025-04-16 15:25:56,066 - __main__ - INFO - Calling writeData function.
2025-04-16 15:25:56,076 - __main__ - INFO - Updated daily AQI: 2025-04-16 => 5.9
2025-04-16 16:29:52,615 - __main__ - INFO - Timestamp 2025-04-11 17:00:00 already present in ../data/cron_job_data/velachery_cron_output.csv, not appending.
2025-04-16 16:29:53,054 - __main__ - INFO - Timestamp 2025-04-16 20:00:00 already present in ../static/data/alandur_cron_output.csv, not appending.
2025-04-16 16:29:53,491 - __main__ - INFO - Timestamp 2025-04-16 20:00:00 already present in ../data/cron_job_data/manali_cron_output.csv, not appending.
2025-04-16 16:29:53,497 - __main__ - INFO - Calling writeData function.
2025-04-16 16:29:53,507 - __main__ - INFO - Updated daily AQI: 2025-04-16 => 5.9
2025-04-16 17:20:39,647 - __main__ - INFO - Timestamp 2025-04-11 17:00:00 already present in ../data/cron_job_data/velachery_cron_output.csv, not appending.
2025-04-16 17:20:40,290 - __main__ - INFO - Timestamp 2025-04-16 20:00:00 already present in ../static/data/alandur_cron_output.csv, not appending.
2025-04-16 17:20:40,943 - __main__ - INFO - Timestamp 2025-04-16 20:00:00 already present in ../data/cron_job_data/manali_cron_output.csv, not appending.
2025-04-16 17:20:40,949 - __main__ - INFO - Calling writeData function.
2025-04-16 17:20:40,958 - __main__ - INFO - Updated daily AQI: 2025-04-16 => 5.9
2025-04-16 18:32:33,767 - __main__ - INFO - Timestamp 2025-04-11 17:00:00 already present in ../data/cron_job_data/velachery_cron_output.csv, not appending.
2025-04-16 18:32:34,431 - __main__ - INFO - Timestamp 2025-04-16 20:00:00 already present in ../static/data/alandur_cron_output.csv, not appending.
2025-04-16 18:32:35,137 - __main__ - INFO - Timestamp 2025-04-16 20:00:00 already present in ../data/cron_job_data/manali_cron_output.csv, not appending.
2025-04-16 18:32:35,143 - __main__ - INFO - Calling writeData function.
2025-04-16 18:32:35,153 - __main__ - INFO - Updated daily AQI: 2025-04-16 => 5.9
2025-04-16 19:17:23,295 - __main__ - INFO - Timestamp 2025-04-11 17:00:00 already present in ../data/cron_job_data/velachery_cron_output.csv, not appending.
2025-04-16 19:17:23,985 - __main__ - INFO - station=> Alandur Bus Depot, result => ['7', 'Alandur Bus Depot, Chennai, Chennai, India', Timestamp('2025-04-17 00:00:00')]
2025-04-16 19:17:23,985 - __main__ - INFO - The hourly data has been written to ../static/data/alandur_cron_output.csv with Timestamp: 2025-04-17 00:00:00
2025-04-16 19:17:24,662 - __main__ - INFO - station=> Manali Village, result => ['149', 'Manali Village, Chennai, Chennai, India', Timestamp('2025-04-17 00:00:00')]
2025-04-16 19:17:24,662 - __main__ - INFO - The hourly data has been written to ../data/cron_job_data/manali_cron_output.csv with Timestamp: 2025-04-17 00:00:00
2025-04-16 19:17:24,668 - __main__ - INFO - Calling writeData function.
2025-04-16 19:17:24,677 - __main__ - INFO - Updated daily AQI: 2025-04-16 => 5.9
2025-04-16 20:26:23,980 - __main__ - INFO - Timestamp 2025-04-11 17:00:00 already present in ../data/cron_job_data/velachery_cron_output.csv, not appending.
2025-04-16 20:26:24,418 - __main__ - INFO - station=> Alandur Bus Depot, result => ['6', 'Alandur Bus Depot, Chennai, Chennai, India', Timestamp('2025-04-17 01:00:00')]
2025-04-16 20:26:24,418 - __main__ - INFO - The hourly data has been written to ../static/data/alandur_cron_output.csv with Timestamp: 2025-04-17 01:00:00
2025-04-16 20:26:24,853 - __main__ - INFO - station=> Manali Village, result => ['153', 'Manali Village, Chennai, Chennai, India', Timestamp('2025-04-17 01:00:00')]
2025-04-16 20:26:24,853 - __main__ - INFO - The hourly data has been written to ../data/cron_job_data/manali_cron_output.csv with Timestamp: 2025-04-17 01:00:00
2025-04-16 20:26:24,859 - __main__ - INFO - Calling writeData function.
2025-04-16 20:26:24,868 - __main__ - INFO - Updated daily AQI: 2025-04-16 => 5.9
2025-04-16 21:22:37,476 - __main__ - INFO - Timestamp 2025-04-11 17:00:00 already present in ../data/cron_job_data/velachery_cron_output.csv, not appending.
2025-04-16 21:22:37,925 - __main__ - INFO - station=> Alandur Bus Depot, result => ['6', 'Alandur Bus Depot, Chennai, Chennai, India', Timestamp('2025-04-17 02:00:00')]
2025-04-16 21:22:37,925 - __main__ - INFO - The hourly data has been written to ../static/data/alandur_cron_output.csv with Timestamp: 2025-04-17 02:00:00
2025-04-16 21:22:38,373 - __main__ - INFO - station=> Manali Village, result => ['144', 'Manali Village, Chennai, Chennai, India', Timestamp('2025-04-17 02:00:00')]
2025-04-16 21:22:38,373 - __main__ - INFO - The hourly data has been written to ../data/cron_job_data/manali_cron_output.csv with Timestamp: 2025-04-17 02:00:00
2025-04-16 21:22:38,379 - __main__ - INFO - Calling writeData function.
2025-04-16 21:22:38,389 - __main__ - INFO - Updated daily AQI: 2025-04-16 => 5.9
2025-04-16 22:22:35,478 - __main__ - INFO - Timestamp 2025-04-11 17:00:00 already present in ../data/cron_job_data/velachery_cron_output.csv, not appending.
2025-04-16 22:22:35,998 - __main__ - INFO - station=> Alandur Bus Depot, result => ['6', 'Alandur Bus Depot, Chennai, Chennai, India', Timestamp('2025-04-17 03:00:00')]
2025-04-16 22:22:35,998 - __main__ - INFO - The hourly data has been written to ../static/data/alandur_cron_output.csv with Timestamp: 2025-04-17 03:00:00
2025-04-16 22:22:36,522 - __main__ - INFO - station=> Manali Village, result => ['106', 'Manali Village, Chennai, Chennai, India', Timestamp('2025-04-17 03:00:00')]
2025-04-16 22:22:36,522 - __main__ - INFO - The hourly data has been written to ../data/cron_job_data/manali_cron_output.csv with Timestamp: 2025-04-17 03:00:00
2025-04-16 22:22:36,528 - __main__ - INFO - Calling writeData function.
2025-04-16 22:22:36,537 - __main__ - INFO - Updated daily AQI: 2025-04-16 => 5.9
2025-04-16 22:22:36,537 - __main__ - INFO - Calling retrain_model function.
2025-04-16 22:22:36,541 - __main__ - INFO - Re-training the model & train_end is 2025-04-11 00:00:00
2025-04-16 22:22:46,130 - __main__ - INFO - Retrained the model & MAPE is 313.67%
2025-04-16 22:22:46,130 - __main__ - INFO - Retrained the model & MAE is 21.878342089467417
2025-04-16 22:22:53,466 - __main__ - INFO - Forecast=> 
2025-04-17    16.450119
2025-04-18    23.164988
2025-04-19    24.538740
2025-04-20    23.593904
2025-04-21    22.834626
Freq: D, Name: predicted_mean, dtype: float64
2025-04-16 22:22:53,467 - __main__ - INFO - The forecast data has been written to ../static/data/forecast_alandur_daily_aqi.csv
