2025-04-22 01:48:40,599 - __main__ - INFO - station=> Alandur Bus Depot, result => ['35', 'Alandur Bus Depot, Chennai, Chennai, India', Timestamp('2025-04-22 07:00:00')]
2025-04-22 01:48:40,600 - __main__ - INFO - The hourly data has been written to ../static/data/alandur_cron_output.csv with Timestamp: 2025-04-22 07:00:00
2025-04-22 01:48:41,238 - __main__ - INFO - station=> Manali Village, result => ['75', 'Manali Village, Chennai, Chennai, India', Timestamp('2025-04-22 07:00:00')]
2025-04-22 01:48:41,238 - __main__ - INFO - The hourly data has been written to ../data/cron_job_data/manali_cron_output.csv with Timestamp: 2025-04-22 07:00:00
2025-04-22 01:48:41,243 - __main__ - INFO - Calling writeData function.
2025-04-22 01:48:41,253 - __main__ - INFO - Updated daily AQI: 2025-04-22 => 36.8
2025-04-22 03:06:09,929 - __main__ - INFO - station=> Alandur Bus Depot, result => ['34', 'Alandur Bus Depot, Chennai, Chennai, India', Timestamp('2025-04-22 08:00:00')]
2025-04-22 03:06:09,930 - __main__ - INFO - The hourly data has been written to ../static/data/alandur_cron_output.csv with Timestamp: 2025-04-22 08:00:00
2025-04-22 03:06:10,594 - __main__ - INFO - station=> Manali Village, result => ['69', 'Manali Village, Chennai, Chennai, India', Timestamp('2025-04-22 08:00:00')]
2025-04-22 03:06:10,594 - __main__ - INFO - The hourly data has been written to ../data/cron_job_data/manali_cron_output.csv with Timestamp: 2025-04-22 08:00:00
2025-04-22 03:06:10,600 - __main__ - INFO - Calling writeData function.
2025-04-22 03:06:10,610 - __main__ - INFO - Updated daily AQI: 2025-04-22 => 36.4
2025-04-22 04:27:34,083 - __main__ - INFO - station=> Alandur Bus Depot, result => ['33', 'Alandur Bus Depot, Chennai, Chennai, India', Timestamp('2025-04-22 09:00:00')]
2025-04-22 04:27:34,085 - __main__ - INFO - The hourly data has been written to ../static/data/alandur_cron_output.csv with Timestamp: 2025-04-22 09:00:00
2025-04-22 04:27:34,985 - __main__ - INFO - station=> Manali Village, result => ['31', 'Manali Village, Chennai, Chennai, India', Timestamp('2025-04-22 09:00:00')]
2025-04-22 04:27:34,986 - __main__ - INFO - The hourly data has been written to ../data/cron_job_data/manali_cron_output.csv with Timestamp: 2025-04-22 09:00:00
2025-04-22 04:27:34,992 - __main__ - INFO - Calling writeData function.
2025-04-22 04:27:35,024 - __main__ - INFO - Updated daily AQI: 2025-04-22 => 36.0
2025-04-22 05:23:08,297 - __main__ - INFO - station=> Alandur Bus Depot, result => ['32', 'Alandur Bus Depot, Chennai, Chennai, India', Timestamp('2025-04-22 10:00:00')]
2025-04-22 05:23:08,298 - __main__ - INFO - The hourly data has been written to ../static/data/alandur_cron_output.csv with Timestamp: 2025-04-22 10:00:00
2025-04-22 05:23:08,940 - __main__ - INFO - station=> Manali Village, result => ['24', 'Manali Village, Chennai, Chennai, India', Timestamp('2025-04-22 10:00:00')]
2025-04-22 05:23:08,940 - __main__ - INFO - The hourly data has been written to ../data/cron_job_data/manali_cron_output.csv with Timestamp: 2025-04-22 10:00:00
2025-04-22 05:23:08,946 - __main__ - INFO - Calling writeData function.
2025-04-22 05:23:08,956 - __main__ - INFO - Updated daily AQI: 2025-04-22 => 35.6
2025-04-22 05:23:08,956 - __main__ - INFO - Calling retrain_model function.
2025-04-22 05:23:08,960 - __main__ - INFO - Re-training the model & train_end is 2025-04-17 00:00:00
2025-04-22 05:23:17,578 - __main__ - INFO - Retrained the model & MAPE is 30.3%
2025-04-22 05:23:17,579 - __main__ - INFO - Retrained the model & MAE is 9.408497539110716
2025-04-22 05:23:25,709 - __main__ - INFO - Forecast=> 
2025-04-23    33.821885
2025-04-24    33.432009
2025-04-25    35.360362
2025-04-26    33.906658
2025-04-27    33.560067
Freq: D, Name: predicted_mean, dtype: float64
2025-04-22 05:23:25,710 - __main__ - INFO - The forecast data has been written to ../static/data/forecast_alandur_daily_aqi.csv
2025-04-22 06:32:56,092 - __main__ - INFO - station=> Alandur Bus Depot, result => ['33', 'Alandur Bus Depot, Chennai, Chennai, India', Timestamp('2025-04-22 11:00:00')]
2025-04-22 06:32:56,092 - __main__ - INFO - The hourly data has been written to ../static/data/alandur_cron_output.csv with Timestamp: 2025-04-22 11:00:00
2025-04-22 06:32:57,196 - __main__ - INFO - station=> Manali Village, result => ['34', 'Manali Village, Chennai, Chennai, India', Timestamp('2025-04-22 11:00:00')]
2025-04-22 06:32:57,196 - __main__ - INFO - The hourly data has been written to ../data/cron_job_data/manali_cron_output.csv with Timestamp: 2025-04-22 11:00:00
2025-04-22 06:32:57,203 - __main__ - INFO - Calling writeData function.
2025-04-22 06:32:57,213 - __main__ - INFO - Updated daily AQI: 2025-04-22 => 35.3
2025-04-22 07:23:13,518 - __main__ - INFO - station=> Velachery Res. Area, result => ['64', 'Velachery Res. Area, Chennai, Chennai, India', Timestamp('2025-04-22 12:00:00')]
2025-04-22 07:23:13,519 - __main__ - INFO - The hourly data has been written to ../data/cron_job_data/velachery_cron_output.csv with Timestamp: 2025-04-22 12:00:00
2025-04-22 07:23:14,095 - __main__ - INFO - station=> Alandur Bus Depot, result => ['33', 'Alandur Bus Depot, Chennai, Chennai, India', Timestamp('2025-04-22 12:00:00')]
2025-04-22 07:23:14,095 - __main__ - INFO - The hourly data has been written to ../static/data/alandur_cron_output.csv with Timestamp: 2025-04-22 12:00:00
2025-04-22 07:23:14,687 - __main__ - INFO - station=> Manali Village, result => ['53', 'Manali Village, Chennai, Chennai, India', Timestamp('2025-04-22 12:00:00')]
2025-04-22 07:23:14,687 - __main__ - INFO - The hourly data has been written to ../data/cron_job_data/manali_cron_output.csv with Timestamp: 2025-04-22 12:00:00
2025-04-22 07:23:14,693 - __main__ - INFO - Calling writeData function.
2025-04-22 07:23:14,703 - __main__ - INFO - Updated daily AQI: 2025-04-22 => 35.1
2025-04-22 08:30:45,970 - __main__ - INFO - station=> Velachery Res. Area, result => ['64', 'Velachery Res. Area, Chennai, Chennai, India', Timestamp('2025-04-22 13:00:00')]
2025-04-22 08:30:45,971 - __main__ - INFO - The hourly data has been written to ../data/cron_job_data/velachery_cron_output.csv with Timestamp: 2025-04-22 13:00:00
2025-04-22 08:30:46,656 - __main__ - INFO - station=> Alandur Bus Depot, result => ['33', 'Alandur Bus Depot, Chennai, Chennai, India', Timestamp('2025-04-22 13:00:00')]
2025-04-22 08:30:46,656 - __main__ - INFO - The hourly data has been written to ../static/data/alandur_cron_output.csv with Timestamp: 2025-04-22 13:00:00
2025-04-22 08:30:47,337 - __main__ - INFO - station=> Manali Village, result => ['54', 'Manali Village, Chennai, Chennai, India', Timestamp('2025-04-22 13:00:00')]
2025-04-22 08:30:47,337 - __main__ - INFO - The hourly data has been written to ../data/cron_job_data/manali_cron_output.csv with Timestamp: 2025-04-22 13:00:00
2025-04-22 08:30:47,343 - __main__ - INFO - Calling writeData function.
2025-04-22 08:30:47,353 - __main__ - INFO - Updated daily AQI: 2025-04-22 => 34.9
2025-04-22 09:25:26,450 - __main__ - INFO - station=> Velachery Res. Area, result => ['63', 'Velachery Res. Area, Chennai, Chennai, India', Timestamp('2025-04-22 14:00:00')]
2025-04-22 09:25:26,496 - __main__ - INFO - The hourly data has been written to ../data/cron_job_data/velachery_cron_output.csv with Timestamp: 2025-04-22 14:00:00
2025-04-22 09:25:27,444 - __main__ - INFO - station=> Alandur Bus Depot, result => ['33', 'Alandur Bus Depot, Chennai, Chennai, India', Timestamp('2025-04-22 14:00:00')]
2025-04-22 09:25:27,444 - __main__ - INFO - The hourly data has been written to ../static/data/alandur_cron_output.csv with Timestamp: 2025-04-22 14:00:00
2025-04-22 09:25:28,287 - __main__ - INFO - station=> Manali Village, result => ['51', 'Manali Village, Chennai, Chennai, India', Timestamp('2025-04-22 14:00:00')]
2025-04-22 09:25:28,288 - __main__ - INFO - The hourly data has been written to ../data/cron_job_data/manali_cron_output.csv with Timestamp: 2025-04-22 14:00:00
2025-04-22 09:25:28,293 - __main__ - INFO - Calling writeData function.
2025-04-22 09:25:28,303 - __main__ - INFO - Updated daily AQI: 2025-04-22 => 34.8
