2025-04-23 01:48:49,990 - __main__ - INFO - station=> Velachery Res. Area, result => ['149', 'Velachery Res. Area, Chennai, Chennai, India', Timestamp('2025-04-23 07:00:00')]
2025-04-23 01:48:49,990 - __main__ - INFO - The hourly data has been written to ../data/cron_job_data/velachery_cron_output.csv with Timestamp: 2025-04-23 07:00:00
2025-04-23 01:48:51,003 - __main__ - INFO - station=> Alandur Bus Depot, result => ['31', 'Alandur Bus Depot, Chennai, Chennai, India', Timestamp('2025-04-23 07:00:00')]
2025-04-23 01:48:51,004 - __main__ - INFO - The hourly data has been written to ../static/data/alandur_cron_output.csv with Timestamp: 2025-04-23 07:00:00
2025-04-23 01:48:51,754 - __main__ - INFO - station=> Manali Village, result => ['59', 'Manali Village, Chennai, Chennai, India', Timestamp('2025-04-23 07:00:00')]
2025-04-23 01:48:51,754 - __main__ - INFO - The hourly data has been written to ../data/cron_job_data/manali_cron_output.csv with Timestamp: 2025-04-23 07:00:00
2025-04-23 01:48:51,760 - __main__ - INFO - Calling writeData function.
2025-04-23 01:48:51,769 - __main__ - INFO - Updated daily AQI: 2025-04-23 => 30.5
2025-04-23 03:07:41,222 - __main__ - INFO - station=> Velachery Res. Area, result => ['152', 'Velachery Res. Area, Chennai, Chennai, India', Timestamp('2025-04-23 08:00:00')]
2025-04-23 03:07:41,223 - __main__ - INFO - The hourly data has been written to ../data/cron_job_data/velachery_cron_output.csv with Timestamp: 2025-04-23 08:00:00
2025-04-23 03:07:41,664 - __main__ - INFO - station=> Alandur Bus Depot, result => ['31', 'Alandur Bus Depot, Chennai, Chennai, India', Timestamp('2025-04-23 08:00:00')]
2025-04-23 03:07:41,664 - __main__ - INFO - The hourly data has been written to ../static/data/alandur_cron_output.csv with Timestamp: 2025-04-23 08:00:00
2025-04-23 03:07:42,107 - __main__ - INFO - station=> Manali Village, result => ['57', 'Manali Village, Chennai, Chennai, India', Timestamp('2025-04-23 08:00:00')]
2025-04-23 03:07:42,107 - __main__ - INFO - The hourly data has been written to ../data/cron_job_data/manali_cron_output.csv with Timestamp: 2025-04-23 08:00:00
2025-04-23 03:07:42,112 - __main__ - INFO - Calling writeData function.
2025-04-23 03:07:42,122 - __main__ - INFO - Updated daily AQI: 2025-04-23 => 30.6
2025-04-23 04:27:55,306 - __main__ - INFO - station=> Velachery Res. Area, result => ['136', 'Velachery Res. Area, Chennai, Chennai, India', Timestamp('2025-04-23 09:00:00')]
2025-04-23 04:27:55,307 - __main__ - INFO - The hourly data has been written to ../data/cron_job_data/velachery_cron_output.csv with Timestamp: 2025-04-23 09:00:00
2025-04-23 04:27:55,881 - __main__ - INFO - station=> Alandur Bus Depot, result => ['31', 'Alandur Bus Depot, Chennai, Chennai, India', Timestamp('2025-04-23 09:00:00')]
2025-04-23 04:27:55,881 - __main__ - INFO - The hourly data has been written to ../static/data/alandur_cron_output.csv with Timestamp: 2025-04-23 09:00:00
2025-04-23 04:27:56,466 - __main__ - INFO - station=> Manali Village, result => ['49', 'Manali Village, Chennai, Chennai, India', Timestamp('2025-04-23 09:00:00')]
2025-04-23 04:27:56,466 - __main__ - INFO - The hourly data has been written to ../data/cron_job_data/manali_cron_output.csv with Timestamp: 2025-04-23 09:00:00
2025-04-23 04:27:56,471 - __main__ - INFO - Calling writeData function.
2025-04-23 04:27:56,481 - __main__ - INFO - Updated daily AQI: 2025-04-23 => 30.6
