2025-04-24 01:49:29,482 - __main__ - INFO - station=> Velachery Res. Area, result => ['60', 'Velachery Res. Area, Chennai, Chennai, India', Timestamp('2025-04-24 07:00:00')]
2025-04-24 01:49:29,482 - __main__ - INFO - The hourly data has been written to ../data/cron_job_data/velachery_cron_output.csv with Timestamp: 2025-04-24 07:00:00
2025-04-24 01:49:30,079 - __main__ - INFO - station=> Alandur Bus Depot, result => ['32', 'Alandur Bus Depot, Chennai, Chennai, India', Timestamp('2025-04-24 07:00:00')]
2025-04-24 01:49:30,079 - __main__ - INFO - The hourly data has been written to ../static/data/alandur_cron_output.csv with Timestamp: 2025-04-24 07:00:00
2025-04-24 01:49:30,677 - __main__ - INFO - station=> Manali Village, result => ['58', 'Manali Village, Chennai, Chennai, India', Timestamp('2025-04-24 07:00:00')]
2025-04-24 01:49:30,677 - __main__ - INFO - The hourly data has been written to ../data/cron_job_data/manali_cron_output.csv with Timestamp: 2025-04-24 07:00:00
2025-04-24 01:49:30,683 - __main__ - INFO - Calling writeData function.
2025-04-24 01:49:30,693 - __main__ - INFO - Updated daily AQI: 2025-04-24 => 32.0
2025-04-24 03:09:11,864 - __main__ - INFO - station=> Velachery Res. Area, result => ['70', 'Velachery Res. Area, Chennai, Chennai, India', Timestamp('2025-04-24 08:00:00')]
2025-04-24 03:09:11,864 - __main__ - INFO - The hourly data has been written to ../data/cron_job_data/velachery_cron_output.csv with Timestamp: 2025-04-24 08:00:00
2025-04-24 03:09:12,298 - __main__ - INFO - station=> Alandur Bus Depot, result => ['32', 'Alandur Bus Depot, Chennai, Chennai, India', Timestamp('2025-04-24 08:00:00')]
2025-04-24 03:09:12,298 - __main__ - INFO - The hourly data has been written to ../static/data/alandur_cron_output.csv with Timestamp: 2025-04-24 08:00:00
2025-04-24 03:09:12,733 - __main__ - INFO - station=> Manali Village, result => ['70', 'Manali Village, Chennai, Chennai, India', Timestamp('2025-04-24 08:00:00')]
2025-04-24 03:09:12,733 - __main__ - INFO - The hourly data has been written to ../data/cron_job_data/manali_cron_output.csv with Timestamp: 2025-04-24 08:00:00
2025-04-24 03:09:12,739 - __main__ - INFO - Calling writeData function.
2025-04-24 03:09:12,749 - __main__ - INFO - Updated daily AQI: 2025-04-24 => 32.0
2025-04-24 04:27:55,305 - __main__ - INFO - station=> Velachery Res. Area, result => ['63', 'Velachery Res. Area, Chennai, Chennai, India', Timestamp('2025-04-24 09:00:00')]
2025-04-24 04:27:55,306 - __main__ - INFO - The hourly data has been written to ../data/cron_job_data/velachery_cron_output.csv with Timestamp: 2025-04-24 09:00:00
2025-04-24 04:27:55,753 - __main__ - INFO - station=> Alandur Bus Depot, result => ['32', 'Alandur Bus Depot, Chennai, Chennai, India', Timestamp('2025-04-24 09:00:00')]
2025-04-24 04:27:55,753 - __main__ - INFO - The hourly data has been written to ../static/data/alandur_cron_output.csv with Timestamp: 2025-04-24 09:00:00
2025-04-24 04:27:56,188 - __main__ - INFO - station=> Manali Village, result => ['66', 'Manali Village, Chennai, Chennai, India', Timestamp('2025-04-24 09:00:00')]
2025-04-24 04:27:56,188 - __main__ - INFO - The hourly data has been written to ../data/cron_job_data/manali_cron_output.csv with Timestamp: 2025-04-24 09:00:00
2025-04-24 04:27:56,194 - __main__ - INFO - Calling writeData function.
2025-04-24 04:27:56,204 - __main__ - INFO - Updated daily AQI: 2025-04-24 => 32.0
2025-04-24 05:23:46,085 - __main__ - INFO - station=> Velachery Res. Area, result => ['69', 'Velachery Res. Area, Chennai, Chennai, India', Timestamp('2025-04-24 10:00:00')]
2025-04-24 05:23:46,085 - __main__ - INFO - The hourly data has been written to ../data/cron_job_data/velachery_cron_output.csv with Timestamp: 2025-04-24 10:00:00
2025-04-24 05:23:46,523 - __main__ - INFO - station=> Alandur Bus Depot, result => ['32', 'Alandur Bus Depot, Chennai, Chennai, India', Timestamp('2025-04-24 10:00:00')]
2025-04-24 05:23:46,524 - __main__ - INFO - The hourly data has been written to ../static/data/alandur_cron_output.csv with Timestamp: 2025-04-24 10:00:00
2025-04-24 05:23:46,964 - __main__ - INFO - station=> Manali Village, result => ['46', 'Manali Village, Chennai, Chennai, India', Timestamp('2025-04-24 10:00:00')]
2025-04-24 05:23:46,964 - __main__ - INFO - The hourly data has been written to ../data/cron_job_data/manali_cron_output.csv with Timestamp: 2025-04-24 10:00:00
2025-04-24 05:23:46,970 - __main__ - INFO - Calling writeData function.
2025-04-24 05:23:46,980 - __main__ - INFO - Updated daily AQI: 2025-04-24 => 32.0
2025-04-24 05:23:46,980 - __main__ - INFO - Calling retrain_model function.
2025-04-24 05:23:46,983 - __main__ - INFO - Re-training the model & train_end is 2025-04-19 00:00:00
2025-04-24 05:23:52,767 - __main__ - INFO - Retrained the model & MAPE is 8.17%
2025-04-24 05:23:52,767 - __main__ - INFO - Retrained the model & MAE is 2.9079694140116708
2025-04-24 05:24:06,956 - __main__ - INFO - Forecast=> 
2025-04-25    34.293605
2025-04-26    32.782123
2025-04-27    31.681780
2025-04-28    33.462710
2025-04-29    30.557822
Freq: D, Name: predicted_mean, dtype: float64
2025-04-24 05:24:06,956 - __main__ - INFO - The forecast data has been written to ../static/data/forecast_alandur_daily_aqi.csv
