2025-03-27 08:30:48,866 - __main__ - INFO - Data written for Velachery Res. Area: ['87', 'Velachery Res. Area, Chennai, Chennai, India', Timestamp('2025-03-27 13:00:00')]
2025-03-27 08:30:48,866 - __main__ - INFO - Data written for Velachery Res. Area: ['87', 'Velachery Res. Area, Chennai, Chennai, India', Timestamp('2025-03-27 13:00:00')]
2025-03-27 08:30:48,866 - __main__ - INFO - Data written for Velachery Res. Area: ['87', 'Velachery Res. Area, Chennai, Chennai, India', Timestamp('2025-03-27 13:00:00')]
2025-03-27 08:30:48,866 - __main__ - INFO - Data written for Velachery Res. Area: ['87', 'Velachery Res. Area, Chennai, Chennai, India', Timestamp('2025-03-27 13:00:00')]
2025-03-27 08:30:49,355 - __main__ - INFO - Data written for Alandur Bus Depot: ['22', 'Alandur Bus Depot, Chennai, Chennai, India', Timestamp('2025-03-27 02:00:00')]
2025-03-27 08:30:49,355 - __main__ - INFO - Data written for Alandur Bus Depot: ['22', 'Alandur Bus Depot, Chennai, Chennai, India', Timestamp('2025-03-27 02:00:00')]
2025-03-27 08:30:49,355 - __main__ - INFO - Data written for Alandur Bus Depot: ['22', 'Alandur Bus Depot, Chennai, Chennai, India', Timestamp('2025-03-27 02:00:00')]
2025-03-27 08:30:49,355 - __main__ - INFO - Data written for Alandur Bus Depot: ['22', 'Alandur Bus Depot, Chennai, Chennai, India', Timestamp('2025-03-27 02:00:00')]
2025-03-27 08:30:49,847 - __main__ - INFO - Data written for Manali Village: ['68', 'Manali Village, Chennai, Chennai, India', Timestamp('2025-03-27 13:00:00')]
2025-03-27 08:30:49,847 - __main__ - INFO - Data written for Manali Village: ['68', 'Manali Village, Chennai, Chennai, India', Timestamp('2025-03-27 13:00:00')]
2025-03-27 08:30:49,847 - __main__ - INFO - Data written for Manali Village: ['68', 'Manali Village, Chennai, Chennai, India', Timestamp('2025-03-27 13:00:00')]
2025-03-27 08:30:49,847 - __main__ - INFO - Data written for Manali Village: ['68', 'Manali Village, Chennai, Chennai, India', Timestamp('2025-03-27 13:00:00')]
2025-03-27 08:30:49,854 - __main__ - INFO - Data for 2025-03-26 already exists
2025-03-27 08:30:49,854 - __main__ - INFO - Data for 2025-03-26 already exists
2025-03-27 08:30:49,854 - __main__ - INFO - Data for 2025-03-26 already exists
2025-03-27 08:30:49,854 - __main__ - INFO - Data for 2025-03-26 already exists
2025-03-27 08:30:51,206 - __main__ - INFO - Model retrained, MAPE: 10.928184567390286%
2025-03-27 08:30:51,206 - __main__ - INFO - Model retrained, MAPE: 10.928184567390286%
2025-03-27 08:30:51,206 - __main__ - INFO - Model retrained, MAPE: 10.928184567390286%
2025-03-27 08:30:51,206 - __main__ - INFO - Model retrained, MAPE: 10.928184567390286%
2025-03-27 08:30:52,712 - __main__ - INFO - Forecast written to ../static/data/forecast_alandur_daily_aqi.csv
2025-03-27 08:30:52,712 - __main__ - INFO - Forecast written to ../static/data/forecast_alandur_daily_aqi.csv
2025-03-27 08:30:52,712 - __main__ - INFO - Forecast written to ../static/data/forecast_alandur_daily_aqi.csv
2025-03-27 08:30:52,712 - __main__ - INFO - Forecast written to ../static/data/forecast_alandur_daily_aqi.csv
2025-03-27 08:32:40,077 - __main__ - INFO - Data written for Velachery Res. Area: ['87', 'Velachery Res. Area, Chennai, Chennai, India', Timestamp('2025-03-27 13:00:00')]
2025-03-27 08:32:40,077 - __main__ - INFO - Data written for Velachery Res. Area: ['87', 'Velachery Res. Area, Chennai, Chennai, India', Timestamp('2025-03-27 13:00:00')]
2025-03-27 08:32:40,077 - __main__ - INFO - Data written for Velachery Res. Area: ['87', 'Velachery Res. Area, Chennai, Chennai, India', Timestamp('2025-03-27 13:00:00')]
2025-03-27 08:32:40,077 - __main__ - INFO - Data written for Velachery Res. Area: ['87', 'Velachery Res. Area, Chennai, Chennai, India', Timestamp('2025-03-27 13:00:00')]
2025-03-27 08:32:40,077 - __main__ - INFO - Data written for Velachery Res. Area: ['87', 'Velachery Res. Area, Chennai, Chennai, India', Timestamp('2025-03-27 13:00:00')]
2025-03-27 08:32:40,566 - __main__ - INFO - Data written for Alandur Bus Depot: ['22', 'Alandur Bus Depot, Chennai, Chennai, India', Timestamp('2025-03-27 02:00:00')]
2025-03-27 08:32:40,566 - __main__ - INFO - Data written for Alandur Bus Depot: ['22', 'Alandur Bus Depot, Chennai, Chennai, India', Timestamp('2025-03-27 02:00:00')]
2025-03-27 08:32:40,566 - __main__ - INFO - Data written for Alandur Bus Depot: ['22', 'Alandur Bus Depot, Chennai, Chennai, India', Timestamp('2025-03-27 02:00:00')]
2025-03-27 08:32:40,566 - __main__ - INFO - Data written for Alandur Bus Depot: ['22', 'Alandur Bus Depot, Chennai, Chennai, India', Timestamp('2025-03-27 02:00:00')]
2025-03-27 08:32:40,566 - __main__ - INFO - Data written for Alandur Bus Depot: ['22', 'Alandur Bus Depot, Chennai, Chennai, India', Timestamp('2025-03-27 02:00:00')]
2025-03-27 08:32:41,059 - __main__ - INFO - Data written for Manali Village: ['68', 'Manali Village, Chennai, Chennai, India', Timestamp('2025-03-27 13:00:00')]
2025-03-27 08:32:41,059 - __main__ - INFO - Data written for Manali Village: ['68', 'Manali Village, Chennai, Chennai, India', Timestamp('2025-03-27 13:00:00')]
2025-03-27 08:32:41,059 - __main__ - INFO - Data written for Manali Village: ['68', 'Manali Village, Chennai, Chennai, India', Timestamp('2025-03-27 13:00:00')]
2025-03-27 08:32:41,059 - __main__ - INFO - Data written for Manali Village: ['68', 'Manali Village, Chennai, Chennai, India', Timestamp('2025-03-27 13:00:00')]
2025-03-27 08:32:41,059 - __main__ - INFO - Data written for Manali Village: ['68', 'Manali Village, Chennai, Chennai, India', Timestamp('2025-03-27 13:00:00')]
2025-03-27 08:32:41,066 - __main__ - INFO - Data for 2025-03-26 already exists
2025-03-27 08:32:41,066 - __main__ - INFO - Data for 2025-03-26 already exists
2025-03-27 08:32:41,066 - __main__ - INFO - Data for 2025-03-26 already exists
2025-03-27 08:32:41,066 - __main__ - INFO - Data for 2025-03-26 already exists
2025-03-27 08:32:41,066 - __main__ - INFO - Data for 2025-03-26 already exists
2025-03-27 08:32:42,467 - __main__ - INFO - Model retrained, MAPE: 10.928184567390286%
2025-03-27 08:32:42,467 - __main__ - INFO - Model retrained, MAPE: 10.928184567390286%
2025-03-27 08:32:42,467 - __main__ - INFO - Model retrained, MAPE: 10.928184567390286%
2025-03-27 08:32:42,467 - __main__ - INFO - Model retrained, MAPE: 10.928184567390286%
2025-03-27 08:32:42,467 - __main__ - INFO - Model retrained, MAPE: 10.928184567390286%
2025-03-27 08:32:44,032 - __main__ - INFO - Forecast written to ../static/data/forecast_alandur_daily_aqi.csv
2025-03-27 08:32:44,032 - __main__ - INFO - Forecast written to ../static/data/forecast_alandur_daily_aqi.csv
2025-03-27 08:32:44,032 - __main__ - INFO - Forecast written to ../static/data/forecast_alandur_daily_aqi.csv
2025-03-27 08:32:44,032 - __main__ - INFO - Forecast written to ../static/data/forecast_alandur_daily_aqi.csv
2025-03-27 08:32:44,032 - __main__ - INFO - Forecast written to ../static/data/forecast_alandur_daily_aqi.csv
